Microsoft Windows [Version 10.0.22621.1848]
(c) Microsoft Corporation. All rights reserved.

C:\Users\Wolf>desktop

C:\Users\Wolf>cd desktop

C:\Users\Wolf\Desktop>git clone https://github.com/raiyanyahya/dallecli
Cloning into 'dallecli'...
remote: Enumerating objects: 179, done.
remote: Counting objects: 100% (89/89), done.
remote: Compressing objects: 100% (62/62), done.
Receiving objects:  98% (176/179)sed 38 (delta 21), pack-reused 90
Receiving objects: 100% (179/179), 58.04 KiB | 3.41 MiB/s, done.
Resolving deltas: 100% (76/76), done.

C:\Users\Wolf\Desktop>dir
 Volume in drive C has no label.
 Volume Serial Number is F0BF-A8B5

 Directory of C:\Users\Wolf\Desktop

06/20/2023  02:14 PM    <DIR>          .
06/19/2023  01:40 PM    <DIR>          ..
04/18/2023  01:29 AM             1,258 Amazon Music.lnk
06/25/2022  03:11 PM               222 Cities Skylines.url
06/20/2023  02:14 PM    <DIR>          dallecli
05/02/2023  11:21 PM             2,226 Discord.lnk
06/05/2023  06:31 AM       133,589,504 ffmpeg.exe
06/09/2022  02:10 PM               518 GDrive.lnk
01/24/2023  01:01 PM             2,366 GitHub Desktop.lnk
07/30/2022  09:02 PM             1,997 Glorious Model O Software.lnk
04/30/2023  02:52 AM             2,675 Google Keep.lnk
06/20/2023  01:46 PM    <DIR>          gpt-cli
06/18/2023  02:18 AM    <DIR>          HxD
06/19/2022  02:28 PM             2,337 Lunar Client.lnk
06/10/2023  07:51 PM    <DIR>          music
06/20/2023  10:10 AM    <DIR>          Paper Recycling
06/20/2023  01:01 PM    <DIR>          projects
05/07/2023  06:32 PM             1,015 Rclone.lnk
05/09/2023  09:17 PM             2,113 Run Rclone.lnk
06/12/2023  09:40 PM             2,202 Slack.lnk
07/03/2022  12:43 PM               859 Start Tor Browser.lnk
06/20/2022  12:13 PM               222 Tabletop Simulator.url
04/19/2023  09:14 PM             1,029 Telegram.lnk
06/14/2022  08:49 PM             2,262 Termius.lnk
07/03/2022  12:43 PM    <DIR>          Tor Browser
04/11/2023  09:00 AM             1,928 Zoom.lnk
06/14/2023  09:22 PM             2,244 Zulip.lnk
              18 File(s)    133,616,977 bytes
               9 Dir(s)  537,603,383,296 bytes free

C:\Users\Wolf\Desktop>cd desktop/dallecli
The system cannot find the path specified.

C:\Users\Wolf\Desktop>dir
 Volume in drive C has no label.
 Volume Serial Number is F0BF-A8B5

 Directory of C:\Users\Wolf\Desktop

06/20/2023  02:14 PM    <DIR>          .
06/19/2023  01:40 PM    <DIR>          ..
04/18/2023  01:29 AM             1,258 Amazon Music.lnk
06/25/2022  03:11 PM               222 Cities Skylines.url
06/20/2023  02:14 PM    <DIR>          dallecli
05/02/2023  11:21 PM             2,226 Discord.lnk
06/05/2023  06:31 AM       133,589,504 ffmpeg.exe
06/09/2022  02:10 PM               518 GDrive.lnk
01/24/2023  01:01 PM             2,366 GitHub Desktop.lnk
07/30/2022  09:02 PM             1,997 Glorious Model O Software.lnk
04/30/2023  02:52 AM             2,675 Google Keep.lnk
06/20/2023  01:46 PM    <DIR>          gpt-cli
06/18/2023  02:18 AM    <DIR>          HxD
06/19/2022  02:28 PM             2,337 Lunar Client.lnk
06/10/2023  07:51 PM    <DIR>          music
06/20/2023  10:10 AM    <DIR>          Paper Recycling
06/20/2023  01:01 PM    <DIR>          projects
05/07/2023  06:32 PM             1,015 Rclone.lnk
05/09/2023  09:17 PM             2,113 Run Rclone.lnk
06/12/2023  09:40 PM             2,202 Slack.lnk
07/03/2022  12:43 PM               859 Start Tor Browser.lnk
06/20/2022  12:13 PM               222 Tabletop Simulator.url
04/19/2023  09:14 PM             1,029 Telegram.lnk
06/14/2022  08:49 PM             2,262 Termius.lnk
07/03/2022  12:43 PM    <DIR>          Tor Browser
04/11/2023  09:00 AM             1,928 Zoom.lnk
06/14/2023  09:22 PM             2,244 Zulip.lnk
              18 File(s)    133,616,977 bytes
               9 Dir(s)  537,596,256,256 bytes free

C:\Users\Wolf\Desktop>cd dallecli

C:\Users\Wolf\Desktop\dallecli>dir
 Volume in drive C has no label.
 Volume Serial Number is F0BF-A8B5

 Directory of C:\Users\Wolf\Desktop\dallecli

06/20/2023  02:14 PM    <DIR>          .
06/20/2023  02:14 PM    <DIR>          ..
06/20/2023  02:14 PM    <DIR>          .github
06/20/2023  02:14 PM             1,931 .gitignore
06/20/2023  02:14 PM    <DIR>          dallecli
06/20/2023  02:14 PM             1,090 LICENSE
06/20/2023  02:14 PM             5,138 README.md
06/20/2023  02:14 PM             1,046 setup.py
06/20/2023  02:14 PM               201 tox.ini
               5 File(s)          9,406 bytes
               4 Dir(s)  537,596,252,160 bytes free

C:\Users\Wolf\Desktop\dallecli>pythonvenv vevn

C:\Users\Wolf\Desktop\dallecli>cat setup.py
'cat' is not recognized as an internal or external command,
operable program or batch file.

C:\Users\Wolf\Desktop\dallecli>python venv venv
python: can't open file 'C:\\Users\\Wolf\\Desktop\\dallecli\\venv': [Errno 2] No such file or directory

C:\Users\Wolf\Desktop\dallecli>python -m venv venv

C:\Users\Wolf\Desktop\dallecli>venv\Scripts\activate

(venv) C:\Users\Wolf\Desktop\dallecli>pip install -r requirements.txt
ERROR: Could not open requirements file: [Errno 2] No such file or directory: 'requirements.txt'

[notice] A new release of pip available: 22.3.1 -> 23.1.2
[notice] To update, run: python.exe -m pip install --upgrade pip

(venv) C:\Users\Wolf\Desktop\dallecli>python setup.py
usage: setup.py [global_opts] cmd1 [cmd1_opts] [cmd2 [cmd2_opts] ...]
   or: setup.py --help [cmd1 cmd2 ...]
   or: setup.py --help-commands
   or: setup.py cmd --help

error: no commands supplied

(venv) C:\Users\Wolf\Desktop\dallecli>python

(venv) C:\Users\Wolf\Desktop\dallecli>pip install dallecli
Collecting dallecli
  Downloading dallecli-1.2.0-py2.py3-none-any.whl (6.8 kB)
Collecting click==8.1.3
  Using cached click-8.1.3-py3-none-any.whl (96 kB)
Collecting openai==0.26.5
  Downloading openai-0.26.5.tar.gz (55 kB)
     ━━━━━━━━━━━━━━━━━━━━━━━━━━━━━━━━━━━━━━━━ 55.5/55.5 kB 2.8 MB/s eta 0:00:00
  Installing build dependencies ... done
  Getting requirements to build wheel ... done
  Installing backend dependencies ... done
  Preparing metadata (pyproject.toml) ... done
Collecting rich==13.3.1
  Downloading rich-13.3.1-py3-none-any.whl (239 kB)
     ━━━━━━━━━━━━━━━━━━━━━━━━━━━━━━━━━━━━━━━━ 239.0/239.0 kB 14.3 MB/s eta 0:00:00
Collecting idna
  Using cached idna-3.4-py3-none-any.whl (61 kB)
Collecting pillow
  Using cached Pillow-9.5.0-cp311-cp311-win_amd64.whl (2.5 MB)
Collecting colorama
  Using cached colorama-0.4.6-py2.py3-none-any.whl (25 kB)
Collecting requests>=2.20
  Using cached requests-2.31.0-py3-none-any.whl (62 kB)
Collecting tqdm
  Using cached tqdm-4.65.0-py3-none-any.whl (77 kB)
Collecting aiohttp
  Using cached aiohttp-3.8.4-cp311-cp311-win_amd64.whl (317 kB)
Collecting markdown-it-py<3.0.0,>=2.1.0
  Using cached markdown_it_py-2.2.0-py3-none-any.whl (84 kB)
Collecting pygments<3.0.0,>=2.14.0
  Using cached Pygments-2.15.1-py3-none-any.whl (1.1 MB)
Collecting mdurl~=0.1
  Using cached mdurl-0.1.2-py3-none-any.whl (10.0 kB)
Collecting charset-normalizer<4,>=2
  Using cached charset_normalizer-3.1.0-cp311-cp311-win_amd64.whl (96 kB)
Collecting urllib3<3,>=1.21.1
  Using cached urllib3-2.0.3-py3-none-any.whl (123 kB)
Collecting certifi>=2017.4.17
  Using cached certifi-2023.5.7-py3-none-any.whl (156 kB)
Collecting attrs>=17.3.0
  Using cached attrs-23.1.0-py3-none-any.whl (61 kB)
Collecting multidict<7.0,>=4.5
  Using cached multidict-6.0.4-cp311-cp311-win_amd64.whl (28 kB)
Collecting async-timeout<5.0,>=4.0.0a3
  Using cached async_timeout-4.0.2-py3-none-any.whl (5.8 kB)
Collecting yarl<2.0,>=1.0
  Using cached yarl-1.9.2-cp311-cp311-win_amd64.whl (60 kB)
Collecting frozenlist>=1.1.1
  Using cached frozenlist-1.3.3-cp311-cp311-win_amd64.whl (32 kB)
Collecting aiosignal>=1.1.2
  Using cached aiosignal-1.3.1-py3-none-any.whl (7.6 kB)
Building wheels for collected packages: openai
  Building wheel for openai (pyproject.toml) ... done
  Created wheel for openai: filename=openai-0.26.5-py3-none-any.whl size=67644 sha256=b539c393be4bed00c3f0503fa98dc48a556be3b7343f56311ef30ec4b8d5c401
  Stored in directory: c:\users\wolf\appdata\local\pip\cache\wheels\ea\6c\ec\084e3e339332a539336f4b1c6990779c508ee73a760b2697e6
Successfully built openai
Installing collected packages: urllib3, pygments, pillow, multidict, mdurl, idna, frozenlist, colorama, charset-normalizer, certifi, attrs, async-timeout, yarl, tqdm, requests, markdown-it-py, click, aiosignal, rich, aiohttp, openai, dallecli
Successfully installed aiohttp-3.8.4 aiosignal-1.3.1 async-timeout-4.0.2 attrs-23.1.0 certifi-2023.5.7 charset-normalizer-3.1.0 click-8.1.3 colorama-0.4.6 dallecli-1.2.0 frozenlist-1.3.3 idna-3.4 markdown-it-py-2.2.0 mdurl-0.1.2 multidict-6.0.4 openai-0.26.5 pillow-9.5.0 pygments-2.15.1requests-2.31.0 rich-13.3.1 tqdm-4.65.0 urllib3-2.0.3 yarl-1.9.2

[notice] A new release of pip available: 22.3.1 -> 23.1.2
[notice] To update, run: python.exe -m pip install --upgrade pip

(venv) C:\Users\Wolf\Desktop\dallecli>generate
'generate' is not recognized as an internal or external command,
operable program or batch file.

(venv) C:\Users\Wolf\Desktop\dallecli>dallecli generate  Flowers of different colors growing side by side, their petals almost touching in the breeze.

(venv) C:\Users\Wolf\Desktop\dallecli>dallecli generate "Flowers of different colors growing side by side, their petals almost touching in the breeze."
Prompt [Suprise me]: Aborted!

(venv) C:\Users\Wolf\Desktop\dallecli>dallecli generate
Prompt [Suprise me]:  Flowers of different colors growing side by side, their petals almost touching in the breeze.
🔑 Enter your OpenAI API key: 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

(venv) C:\Users\Wolf\Desktop\dallecli>dallecli generate
Prompt [Suprise me]: Oil painting of flowers of different colors growing side by side, their petals almost touching in the breeze.

(venv) C:\Users\Wolf\Desktop\dallecli>dallecli generate
Prompt [Suprise me]: clear, vibrant watercolor of a colony of ants marching in a tight line across the forest floor

(venv) C:\Users\Wolf\Desktop\dallecli>dallecli generate
Prompt [Suprise me]: Oil painting of flowers of different colors growing side by side, their petals almost touching in the breeze.Aborted!

(venv) C:\Users\Wolf\Desktop\dallecli>dallecli generate
Prompt [Suprise me]: vivid, vibrant watercolor of a colony of ants marching in a tight line across the forest floor

(venv) C:\Users\Wolf\Desktop\dallecli>dallecli generate
Prompt [Suprise me]: vibrant recognizable watercolor of a colony of ants marching in a tight line across the forest floor

(venv) C:\Users\Wolf\Desktop\dallecli>dallecli generate
Prompt [Suprise me]: vibrant watercolor of a colony of ants marching in a tight line across the forest floor

(venv) C:\Users\Wolf\Desktop\dallecli>dallecli generate
Prompt [Suprise me]: vector art of a colony of ants marching in a tight line across the forest floor

(venv) C:\Users\Wolf\Desktop\dallecli>dallecli generate
Prompt [Suprise me]: simple vibrant vector art of a colony of ants marching in a tight line across the forest floor

(venv) C:\Users\Wolf\Desktop\dallecli>dallecli generate
Prompt [Suprise me]: simple vibrant vector art of squirrels scurrying on the same tree branch, almost bumping into each other as they gather nuts

(venv) C:\Users\Wolf\Desktop\dallecli>dallecli generate
Prompt [Suprise me]: simple vibrant vector art of a colony of ants marching in a tight line across the forest floor (not on white background)

(venv) C:\Users\Wolf\Desktop\dallecli>dallecli generate
Prompt [Suprise me]: simple vibrant vector art of squirrels scurrying on the same tree branch, almost bumping into each other as they gather nuts, color background

(venv) C:\Users\Wolf\Desktop\dallecli>dallecli generate
Prompt [Suprise me]: simple vibrant vector art of a colony of ants marching in a tight line across the forest floor (not on white background)

(venv) C:\Users\Wolf\Desktop\dallecli>
(venv) C:\Users\Wolf\Desktop\dallecli>dallecli generate
Prompt [Suprise me]: simple vibrant vector art of squirrels scurrying on the same tree branch, almost bumping into each other as they gather nuts, color background

(venv) C:\Users\Wolf\Desktop\dallecli>dallecli generate
Prompt [Suprise me]: simple vibrant vector art of a colony of ants marching in a tight line across the forest floor, orange background

(venv) C:\Users\Wolf\Desktop\dallecli>generate
'generate' is not recognized as an internal or external command,
operable program or batch file.

(venv) C:\Users\Wolf\Desktop\dallecli>dallecli generate
Prompt [Suprise me]: simple vibrant vector art of squirrels scurrying on the same tree branch, almost bumping into each other as they gather nuts, orange background

(venv) C:\Users\Wolf\Desktop\dallecli>dallecli generate
Prompt [Suprise me]: simple vibrant vector watercolor art of a colony of ants marching in a tight line across the forest floor, orange background

(venv) C:\Users\Wolf\Desktop\dallecli>dallecli generate
Prompt [Suprise me]: vibrant vector art of squirrels scurrying on the same tree branch, almost bumping into each other as they gather nuts, orange background

(venv) C:\Users\Wolf\Desktop\dallecli>dallecli generate
Prompt [Suprise me]: vibrant vector watercolor art of a colony of ants marching in a tight line across the forest floor, orange background

(venv) C:\Users\Wolf\Desktop\dallecli>dallecli generate
Prompt [Suprise me]: vibrant vector art of squirrels scurrying on the same tree branch, almost bumping into each other as they gather nuts, orange background

(venv) C:\Users\Wolf\Desktop\dallecli>dallecli generate
Prompt [Suprise me]: vibrant vector watercolor art of a colony of ants marching in a tight line across the forest floor, orange backgroundAborted!

(venv) C:\Users\Wolf\Desktop\dallecli>dallecli generate
Prompt [Suprise me]: intricate vibrant vector art of squirrels scurrying on the same tree branch, almost bumping into each other as they gathernuts, orange background

(venv) C:\Users\Wolf\Desktop\dallecli>dallecli generate
Prompt [Suprise me]: complex vibrant vector watercolor art of a colony of ants marching in a tight line across the forest floor, orange background

(venv) C:\Users\Wolf\Desktop\dallecli>dallecli generate
Prompt [Suprise me]: complex vibrant vector art of squirrels scurrying on the same tree branch, almost bumping into each other as they gather nuts, orange background

(venv) C:\Users\Wolf\Desktop\dallecli>dallecli generate
Prompt [Suprise me]: detailed vibrant vector art of squirrels scurrying on the same tree branch, almost bumping into each other as they gather nuts, orange background

(venv) C:\Users\Wolf\Desktop\dallecli>dallecli generate
Prompt [Suprise me]: detailed vibrant vector art of a colony of ants marching in a tight line across the forest floor

(venv) C:\Users\Wolf\Desktop\dallecli>dallecli generate
Prompt [Suprise me]: detailed vibrant vector art of squirrels scurrying on the same tree branch, almost bumping into each other as they gather nuts, orange backgroundAborted!

(venv) C:\Users\Wolf\Desktop\dallecli>dallecli generate
Prompt [Suprise me]: detailed vibrant vector art of a colony of ants marching in a tight line across the forest floor, orange background

(venv) C:\Users\Wolf\Desktop\dallecli>dallecli generate
Prompt [Suprise me]: thoughtful detailed vibrant vector art of a colony of ants marching in a tight line across the forest floor, orange background

(venv) C:\Users\Wolf\Desktop\dallecli>dallecli generate
Prompt [Suprise me]:  detailed vibrant vector art of a colony of ants marching in a tight line across the forest floor, orange background

(venv) C:\Users\Wolf\Desktop\dallecli>dallecli generate
Prompt [Suprise me]: detailed vibrant vector art of a colony of ants marching in a tight line across the forest floor, red background

(venv) C:\Users\Wolf\Desktop\dallecli>dallecli generate "Flowers of different colors growing side by side, their petals almost touching in the breeze."

(venv) C:\Users\Wolf\Desktop\dallecli>pip install dallecli
Traceback (most recent call last):
  File "<frozen runpy>", line 198, in _run_module_as_main
  File "<frozen runpy>", line 88, in _run_code
  File "C:\Users\Wolf\Desktop\dallecli\venv\Scripts\pip.exe\__main__.py", line 4, in <module>
  File "C:\Users\Wolf\Desktop\dallecli\venv\Lib\site-packages\pip\_internal\cli\main.py", line 9, in <module>
    from pip._internal.cli.autocompletion import autocomplete
  File "C:\Users\Wolf\Desktop\dallecli\venv\Lib\site-packages\pip\_internal\cli\autocompletion.py", line 10, in <module>
    from pip._internal.cli.main_parser import create_main_parser
  File "C:\Users\Wolf\Desktop\dallecli\venv\Lib\site-packages\pip\_internal\cli\main_parser.py", line 9, in <module>
    from pip._internal.build_env import get_runnable_pip
  File "C:\Users\Wolf\Desktop\dallecli\venv\Lib\site-packages\pip\_internal\build_env.py", line 20, in <module>
    from pip._internal.cli.spinners import open_spinner
  File "C:\Users\Wolf\Desktop\dallecli\venv\Lib\site-packages\pip\_internal\cli\spinners.py", line 9, in <module>
    from pip._internal.utils.logging import get_indentation
  File "C:\Users\Wolf\Desktop\dallecli\venv\Lib\site-packages\pip\_internal\utils\logging.py", line 29, in <module>
    from pip._internal.utils.misc import ensure_dir
  File "C:\Users\Wolf\Desktop\dallecli\venv\Lib\site-packages\pip\_internal\utils\misc.py", line 38, in <module>
    from pip._vendor.tenacity import retry, stop_after_delay, wait_fixed
  File "C:\Users\Wolf\Desktop\dallecli\venv\Lib\site-packages\pip\_vendor\tenacity\__init__.py", line 516, in <module>
    from pip._vendor.tenacity._asyncio import AsyncRetrying  # noqa:E402,I100
    ^^^^^^^^^^^^^^^^^^^^^^^^^^^^^^^^^^^^^^^^^^^^^^^^^^^^^^^
  File "C:\Users\Wolf\Desktop\dallecli\venv\Lib\site-packages\pip\_vendor\tenacity\_asyncio.py", line 21, in <module>
    from asyncio import sleep
  File "C:\Python311\Lib\asyncio\__init__.py", line 8, in <module>
    from .base_events import *
  File "C:\Python311\Lib\asyncio\base_events.py", line 34, in <module>
    import ssl
  File "C:\Python311\Lib\ssl.py", line 263, in <module>
    import base64        # for DER-to-PEM translation
    ^^^^^^^^^^^^^
  File "<frozen importlib._bootstrap>", line 1178, in _find_and_load
  File "<frozen importlib._bootstrap>", line 1149, in _find_and_load_unlocked
  File "<frozen importlib._bootstrap>", line 690, in _load_unlocked
  File "<frozen importlib._bootstrap_external>", line 936, in exec_module
  File "<frozen importlib._bootstrap_external>", line 1069, in get_code
  File "<frozen importlib._bootstrap_external>", line 729, in _compile_bytecode
KeyboardInterrupt
^C
(venv) C:\Users\Wolf\Desktop\dallecli>

(venv) C:\Users\Wolf\Desktop\dallecli>dallecli generate
Prompt [Suprise me]: detailed vibrant vector art of a colony of ants marching in a tight line across the forest floor, red background with vignette

(venv) C:\Users\Wolf\Desktop\dallecli>dallecli generate
Prompt [Suprise me]: detailed vibrant vector art ofa colony of ants marching in a tight line across the forest floor, red background with vignet
te

(venv) C:\Users\Wolf\Desktop\dallecli>dallecli generate
Prompt [Suprise me]: detailed vibrant vector art of squirrels scurrying on the same tree branch, almost bumping into each other as they gather nuts, red background

(venv) C:\Users\Wolf\Desktop\dallecli>dallecli generate
Prompt [Suprise me]: detailed vibrant vector art of squirrels scurrying on the same tree branch, almost bumping into each other as they gather nuts, red background with vignette

(venv) C:\Users\Wolf\Desktop\dallecli>dallecli generate
Prompt [Suprise me]: detailed vibrant vector art of a colony of ants marching in a tight line across the forest floor, red background with vignette

(venv) C:\Users\Wolf\Desktop\dallecli>dallecli generate
Prompt [Suprise me]: detailed vibrant vector art of squirrels scurrying on the same tree branch, almost bumping into each other as they gather nuts, red background with vignetteAborted!

(venv) C:\Users\Wolf\Desktop\dallecli>dallecli generate
Prompt [Suprise me]: detailed vibrant vector art of a colony of ants marching in a tight line across the forest floor, red background with shading

(venv) C:\Users\Wolf\Desktop\dallecli>dallecli generate
Prompt [Suprise me]: detailed vibrant vector art of a colony of ants marching in a tight line across the forest floor, red background, comprehensible

(venv) C:\Users\Wolf\Desktop\dallecli>dallecli generate
Prompt [Suprise me]: detailed vibrant vector art of squirrels scurrying on the same tree branch, almost bumping into each other as they gather nuts, red background, comprenehnsible

(venv) C:\Users\Wolf\Desktop\dallecli>dallecli generate
Prompt [Suprise me]: detailed vibrant vector art of a colony of ants marching in a tight line across the forest floor, red background, comprehensible

(venv) C:\Users\Wolf\Desktop\dallecli>dallecli generate
Prompt [Suprise me]: detailed vibrant vector art of squirrels scurrying on the same tree branch, almost bumping into each other as they gather nuts, rose-colored background, comprenehnsible

(venv) C:\Users\Wolf\Desktop\dallecli>dallecli generate
Prompt [Suprise me]: Aborted!d vibrant vector art of squirrels scurrying on the same tree branch, almost bumping into each other as they gather
nuts, rose-colored background, comprenehnsible
(venv) C:\Users\Wolf\Desktop\dallecli>dallecli generate
Prompt [Suprise me]: detailed vibrant vector art of a colony of ants marching in a tight line across the forest floor, amaranth color background, comprehensible

(venv) C:\Users\Wolf\Desktop\dallecli>dallecli generate
Prompt [Suprise me]: detailed vibrant vector art of a colony of ants marching in a tight line across the forest floor, orange background, comprehensible, with vignette

(venv) C:\Users\Wolf\Desktop\dallecli>dallecli generate
Prompt [Suprise me]: detailed vibrant vector art of a colony of ants marching in a tight line across the forest floor, red background, comprehensible

(venv) C:\Users\Wolf\Desktop\dallecli>dallecli generate
Prompt [Suprise me]: detailed vibrant cloth vector art of a colony of ants marching in a tight line across the forest floor, orange background,comprehensible, with vignette

(venv) C:\Users\Wolf\Desktop\dallecli>dallecli generate
Prompt [Suprise me]: detailed vibrant vector art of a colony of ants marching in a tight line across the forest floor, red background, comprehensibleAborted!

(venv) C:\Users\Wolf\Desktop\dallecli>dallecli generate
Prompt [Suprise me]: detailed vibrant cloth vector art of squirrels scurrying on the same tree branch, almost bumping into each other as they gather

Aborted!

(venv) C:\Users\Wolf\Desktop\dallecli>nuts detailed vibrant cloth vector art of squirrels scurrying on the same tree branch, almost bumping into each other as they gather nuts, orange background, comprehensible, with vignette
'nuts' is not recognized as an internal or external command,
operable program or batch file.

(venv) C:\Users\Wolf\Desktop\dallecli>dallecli generate
Prompt [Suprise me]: detailed vibrant cloth vector art of squirrels scurrying on the same tree branch, almost bumping into each other as they gather nuts, orange background, comprehensible, with vignette

(venv) C:\Users\Wolf\Desktop\dallecli>dallecli generate
Prompt [Suprise me]: detailed vibrant textile vector art of squirrels scurrying on the same tree branch, almost bumping into each other as theygather nuts, orange background, comprehensible, with vignette

(venv) C:\Users\Wolf\Desktop\dallecli>dallecli generate
Prompt [Suprise me]: detailed vibrant textile vector art of a colony of ants marching in a tight line across the forest floor, red background, comprehensible, with vignette

(venv) C:\Users\Wolf\Desktop\dallecli>dallecli generate
Prompt [Suprise me]: detailed vibrant textile vector art of a colony of ants marching in a tight line across the forest floor, orange background, comprehensible, with vignette

(venv) C:\Users\Wolf\Desktop\dallecli> detailed vibrant textile vector art of a colony of ants marching in a tight line across the forest floor, orange background, comprehensible, with vignette
'detailed' is not recognized as an internal or external command,
operable program or batch file.

(venv) C:\Users\Wolf\Desktop\dallecli>dallecli generate
Prompt [Suprise me]:  detailed vibrant textile vector art of a colony of ants marching in a tight line across the forest floor, orange background, comprehensible, with vignette

(venv) C:\Users\Wolf\Desktop\dallecli>dallecli generate
Prompt [Suprise me]:  detailed vibrant textile vector art of a colony of ants marching in a tight line across the forest floor, orange background, comprehensible, with vignette

(venv) C:\Users\Wolf\Desktop\dallecli>dallecli generate
Prompt [Suprise me]:  detailed vibrant textile vector art of a colony of ants marching in a tight line across the forest floor, orange background, comprehensible, with vignette and depth/shading

(venv) C:\Users\Wolf\Desktop\dallecli>dallecli generate
Prompt [Suprise me]:  detailed vibrant oil painting of a colony of ants marching in a tight line across the forest floor, orange background, comprehensible

(venv) C:\Users\Wolf\Desktop\dallecli>dallecli generate
Prompt [Suprise me]:  detailed vibrant vector art of a colony of ants marching in a tight line across the forest floor, orange background, comprehensible, with vignette

(venv) C:\Users\Wolf\Desktop\dallecli>dallecli generate
Prompt [Suprise me]:  detailed vibrant oil painting of a colony of ants marching in a tight line across the forest floor, orange background, comprehensibleAborted!

(venv) C:\Users\Wolf\Desktop\dallecli>dallecli generate
Prompt [Suprise me]: detailed vibrant textile vector art of a colony of ants marching in a tight line across the forest floor, orange background, comprehensible

(venv) C:\Users\Wolf\Desktop\dallecli>dallecli generate
Prompt [Suprise me]:  detailed vibrant textile vector art of a colony of ants marching in a tight line across the forest floor, orange background, comprehensible, with shading

(venv) C:\Users\Wolf\Desktop\dallecli>dallecli generate
Prompt [Suprise me]: detailed vibrant nice textile vector art of a colony of ants marching in a tight line across the forest floor, orange background, comprehensible

(venv) C:\Users\Wolf\Desktop\dallecli>dallecli generate
Prompt [Suprise me]:  detailed vibrant textile vector art of a colony of ants marching in a tight line across the forest floor, orange background, intelligible

(venv) C:\Users\Wolf\Desktop\dallecli> detailed vibrant textile vector art of a colony of ants marching in a tight line across the forest floor, orange background, comprehensible, with vignette

(venv) C:\Users\Wolf\Desktop\dallecli>detailed vector art of a colony of ants marching in a tight line across the forest floor, orange background, intelligible
'detailed' is not recognized as an internal or external command,
operable program or batch file.

(venv) C:\Users\Wolf\Desktop\dallecli>dallecli generate
Prompt [Suprise me]: detailed vector art of a colony of ants marching in a tight line across the forest floor, orange background, intelligible

(venv) C:\Users\Wolf\Desktop\dallecli>dallecli generate
Prompt [Suprise me]: detailed vector art of a colony of ants marching in a tight line across the forest floor, textile orange background, intelligible

(venv) C:\Users\Wolf\Desktop\dallecli>generate

(venv) C:\Users\Wolf\Desktop\dallecli>dallecli generate
Prompt [Suprise me]: detailed vector art of a colony of ants marching in a tight line across the forest floor, cloth orange background, comprehensible

(venv) C:\Users\Wolf\Desktop\dallecli>dallecli generate
Prompt [Suprise me]: detailed vibrant textile vector art of a colony of ants marching in a tight line across the forest floor, orange background, comprehensible

(venv) C:\Users\Wolf\Desktop\dallecli>dallecli generate
Prompt [Suprise me]: detailed vibrant vector drawing of a colony of ants marching in a tight line across the forest floor, orange background, comprehensible

(venv) C:\Users\Wolf\Desktop\dallecli>dallecli generate
Prompt [Suprise me]: vector drawing of a colony of ants marching in a tight line across the forest floor, orange background, comprehensible

(venv) C:\Users\Wolf\Desktop\dallecli>dallecli generate
Prompt [Suprise me]: detailed vibrant vector drawing of a colony of ants marching in a tight line across the forest floor, orange background, Aborted!nsible

(venv) C:\Users\Wolf\Desktop\dallecli>dallecli generate
Prompt [Suprise me]: vibrant vector art of a colony of ants marching in a tight line across the forest floor, orange background, comprehensible

(venv) C:\Users\Wolf\Desktop\dallecli>dallecli generate
Prompt [Suprise me]: detailed vibrant vector watercolor of a colony of ants marching in a tight line across the forest floor, orange background, comprehensible

(venv) C:\Users\Wolf\Desktop\dallecli>dallecli generate
Prompt [Suprise me]: detailed vibrant vector watercolor of squirrels scurrying on the same tree branch, almost bumping into each other as they gather nuts

Aborted!

(venv) C:\Users\Wolf\Desktop\dallecli>dallecli generate
Prompt [Suprise me]: (venv) C:\Users\Wolf\Desktop\dallecli>dallecli generateAborted!

(venv) C:\Users\Wolf\Desktop\dallecli>dallecli generate
Prompt [Suprise me]: detailed vibrant vector watercolor of squirrels scurrying on the same tree branch, almost bumping into each other as they gather nuts, orange background, comprehensible

(venv) C:\Users\Wolf\Desktop\dallecli>dallecli generate
Prompt [Suprise me]: detailed vibrant vector watercolor of a colony of ants marching in a tight line across the forest floor, orange background, comprehensibleAborted!

(venv) C:\Users\Wolf\Desktop\dallecli>dallecli generate
Prompt [Suprise me]: detailed vibrant vector art watercolor of a colony of ants marching in a tight line across the forest floor, orange background, comprehensible

(venv) C:\Users\Wolf\Desktop\dallecli>generate
'generate' is not recognized as an internal or external command,
operable program or batch file.

(venv) C:\Users\Wolf\Desktop\dallecli>dallecli generate
Prompt [Suprise me]: detailed vibrant graphical art of a colony of ants marching in a tight line across the forest floor, orange background, comprehensible

(venv) C:\Users\Wolf\Desktop\dallecli>dallecli generate
Prompt [Suprise me]: detailed vibrant vector watercolor of a colony of ants marching in a tight line across the forest floor, orange background

(venv) C:\Users\Wolf\Desktop\dallecli>dallecli generate
Prompt [Suprise me]: detailed vibrant vector watercolor of a colony of ants marching in a tight line across the forest floor, orange background,
 easily comprehensible

(venv) C:\Users\Wolf\Desktop\dallecli>dallecli generate
Prompt [Suprise me]: detailed vibrant vector watercolor of squirrels scurrying on the same tree branch, almost bumping into each other as they gather nuts, orange background, easily comprehensible

(venv) C:\Users\Wolf\Desktop\dallecli>dallecli generate
Prompt [Suprise me]: detailed vibrant vector watercolor of squirrels scurrying on the same tree branch, almost bumping into each other as they gather nuts, orange background, comprehensible

(venv) C:\Users\Wolf\Desktop\dallecli>C:\Users\Wolf\Desktop\projects\Logophilio\tests
